// Jest Snapshot v1, https://goo.gl/fbAQLP

exports[`NewBoxForm snapshot 1`] = `
<DocumentFragment>
  <div
    class="NewBoxForm-container"
  >
    <h2
      class="NewBoxForm-title"
    >
      New Box Form
    </h2>
    <form
      class="NewBoxForm"
    >
      <label
        class="NewBoxForm-label"
      >
        Width:
        <input
          class="NewBoxForm-input"
          name="width"
          required=""
          type="text"
          value=""
        />
      </label>
      <br />
      <label
        class="NewBoxForm-label"
      >
        Height:
        <input
          class="NewBoxForm-input"
          name="height"
          required=""
          type="text"
          value=""
        />
      </label>
      <br />
      <label
        class="NewBoxForm-label"
      >
        Background Color:
        <input
          class="NewBoxForm-input"
          name="backgroundColor"
          required=""
          type="text"
          value=""
        />
      </label>
      <br />
      <button
        class="NewBoxForm-btn"
        type="submit"
      >
        Add New Box!
      </button>
    </form>
  </div>
</DocumentFragment>
`;
